### Result
{"arm":"X","views":[{"size":"1440x900","initial":{"titles":["A quieter start","Signals, not noise","Room to reflect"],"progress":"0","layout":{"viewport":{"width":1440,"height":900},"scrollWidth":1440,"clientWidth":1440,"overflow":[],"dialog":null},"aria":"- main:\n  - region \"Good ideas deserve a closer look.\":\n    - text: DECISION WORKSPACE № 014\n    - heading \"Good ideas deserve a closer look.\" [level=1]:\n      - text: Good ideas deserve\n      - emphasis: a closer look.\n    - paragraph: A focused space to work through what matters. Open each proposal, complete its three review checks, and keep the team moving.\n    - text: REVIEW PROGRESS\n    - strong: \"0\"\n    - text: / 3\n    - progressbar \"Proposals reviewed\"\n    - paragraph: 3 proposals await your review.\n  - region \"Proposals on the table\":\n    - text: THE SHORTLIST\n    - heading \"Proposals on the table\" [level=2]\n    - text: 03 ITEMS\n    - group \"Filter proposals\":\n      - button \"All 03\" [pressed]\n      - button \"To review 03\"\n      - button \"Reviewed 00\"\n    - article:\n      - text: PROPOSAL / 01 To review\n      - heading \"A quieter start\" [level=3]\n      - paragraph: Give new members a calmer first week with a guided path to the essentials.\n      - button \"Review A quieter start\": Review proposal\n    - article:\n      - text: PROPOSAL / 02 To review\n      - heading \"Signals, not noise\" [level=3]\n      - paragraph: Bring the most useful project updates into one thoughtful weekly digest.\n      - button \"Review Signals, not noise\": Review proposal\n    - article:\n      - text: PROPOSAL / 03 To review\n      - heading \"Room to reflect\" [level=3]\n      - paragraph: Make space for short retrospectives that turn everyday observations into better work.\n      - button \"Review Room to reflect\": Review proposal"},"dialogs":[{"index":0,"title":"A quieter start","snapshot":"- dialog \"A quieter start\":\n  - text: PROPOSAL REVIEW / 01\n  - button \"Close review dialog\": ×\n  - heading \"A quieter start\" [level=2]\n  - paragraph: Give new members a calmer first week with a guided path to the essentials.\n  - group \"Before you mark this reviewed\":\n    - text: Before you mark this reviewed\n    - paragraph: Confirm all three points below.\n    - checkbox \"Purpose and audience are clear\"\n    - text: Purpose and audience are clear\n    - checkbox \"First-week steps feel achievable\"\n    - text: First-week steps feel achievable\n    - checkbox \"Success can be measured\"\n    - text: Success can be measured\n  - button \"Back to proposals\"\n  - button \"Mark reviewed\" [disabled]","layout":{"viewport":{"width":1440,"height":900},"scrollWidth":1440,"clientWidth":1440,"overflow":[],"dialog":{"left":435,"top":169.328125,"right":1005,"bottom":730.65625,"width":570,"height":561.328125}},"disabled":[true,true,true,false],"disabledAfterUncheck":true,"restoredFocus":true},{"index":1,"title":"Signals, not noise","snapshot":"- dialog \"Signals, not noise\":\n  - text: PROPOSAL REVIEW / 02\n  - button \"Close review dialog\": ×\n  - heading \"Signals, not noise\" [level=2]\n  - paragraph: Bring the most useful project updates into one thoughtful weekly digest.\n  - group \"Before you mark this reviewed\":\n    - text: Before you mark this reviewed\n    - paragraph: Confirm all three points below.\n    - checkbox \"The update has a clear owner\"\n    - text: The update has a clear owner\n    - checkbox \"The signal is useful to readers\"\n    - text: The signal is useful to readers\n    - checkbox \"The delivery rhythm is realistic\"\n    - text: The delivery rhythm is realistic\n  - button \"Back to proposals\"\n  - button \"Mark reviewed\" [disabled]","layout":{"viewport":{"width":1440,"height":900},"scrollWidth":1440,"clientWidth":1440,"overflow":[],"dialog":{"left":435,"top":181.703125,"right":1005,"bottom":718.28125,"width":570,"height":536.578125}},"disabled":[true,true,true,false],"disabledAfterUncheck":true,"restoredFocus":true},{"index":2,"title":"Room to reflect","snapshot":"- dialog \"Room to reflect\":\n  - text: PROPOSAL REVIEW / 03\n  - button \"Close review dialog\": ×\n  - heading \"Room to reflect\" [level=2]\n  - paragraph: Make space for short retrospectives that turn everyday observations into better work.\n  - group \"Before you mark this reviewed\":\n    - text: Before you mark this reviewed\n    - paragraph: Confirm all three points below.\n    - checkbox \"The reflection prompt is specific\"\n    - text: The reflection prompt is specific\n    - checkbox \"Participation feels accessible\"\n    - text: Participation feels accessible\n    - checkbox \"Follow-up actions have a home\"\n    - text: Follow-up actions have a home\n  - button \"Back to proposals\"\n  - button \"Mark reviewed\" [disabled]","layout":{"viewport":{"width":1440,"height":900},"scrollWidth":1440,"clientWidth":1440,"overflow":[],"dialog":{"left":435,"top":169.328125,"right":1005,"bottom":730.65625,"width":570,"height":561.328125}},"disabled":[true,true,true,false],"disabledAfterUncheck":true,"restoredFocus":true}],"keyboard":[{"tag":"INPUT","text":"","type":"checkbox","insideDialog":true},{"tag":"INPUT","text":"","type":"checkbox","insideDialog":true},{"tag":"INPUT","text":"","type":"checkbox","insideDialog":true},{"tag":"BUTTON","text":"Back to proposals","type":"button","insideDialog":true},{"tag":"BODY","text":"\n  \n    \n      ✳ Fieldnotes / Review board\n      WORKSPACE  SEPTEMBER 2026\n    \n\n    \n      \n         DECISION WORKSPACE № 014\n        \n          \n            Good ideas deservea closer look.\n            A focused space to work through what matters. Open each proposal, complete its three review checks, and keep the team moving.\n          \n          \n            REVIEW PROGRESS\n            0/ 3\n            \n            3 proposals await your review.\n          \n        \n      \n\n      \n        THE SHORTLISTProposals on the table03 ITEMS ↘\n        \n          All 03\n          To review 03\n          Reviewed 00\n        \n        PROPOSAL / 01To reviewA quieter startGive new members a calmer first week with a guided path to the essentials.Review proposal ↗PROPOSAL / 02To reviewSignals, not noiseBring the most useful project updates into one thoughtful weekly digest.Review proposal ↗PROPOSAL / 03To reviewRoom to reflectMake space for short retrospectives that turn everyday observations into better work.Review proposal ↗\n        No proposals here yet. Try another filter.\n      \n    \n    FIELDNOTES / REVIEW BOARDA little clarity goes a long way.\n  \n\n  \n    \n      PROPOSAL REVIEW / 01×\n      A quieter start\n      Give new members a calmer first week with a guided path to the essentials.\n      \n      \n        Before you mark this reviewedConfirm all three points below.Purpose and audience are clearFirst-week steps feel achievableSuccess can be measured\n        Back to proposalsMark reviewed ↗\n      \n    \n  \n\n\n","type":null,"insideDialog":false},{"tag":"BUTTON","text":"×","type":"button","insideDialog":true}],"completed":{"progress":"1","firstStatus":"Reviewed","focus":{"tag":"BUTTON","text":"All 03","aria":null}},"filters":{"All":["A quieter start","Signals, not noise","Room to reflect"],"To review":["Signals, not noise","Room to reflect"],"Reviewed":["A quieter start"]},"reviewedDialog":{"snapshot":"- dialog \"A quieter start\":\n  - text: PROPOSAL REVIEW / 01\n  - button \"Close review dialog\": ×\n  - heading \"A quieter start\" [level=2]\n  - paragraph: Give new members a calmer first week with a guided path to the essentials.\n  - group \"Before you mark this reviewed\":\n    - text: Before you mark this reviewed\n    - paragraph: Confirm all three points below.\n    - checkbox \"Purpose and audience are clear\" [checked] [disabled]\n    - text: Purpose and audience are clear\n    - checkbox \"First-week steps feel achievable\" [checked] [disabled]\n    - text: First-week steps feel achievable\n    - checkbox \"Success can be measured\" [checked] [disabled]\n    - text: Success can be measured\n  - button \"Back to proposals\"\n  - button \"Mark reviewed\" [disabled]","markVisible":true,"markHiddenAttribute":""},"reducedMotion":{"matches":true,"transition":"1e-05s","animation":"1e-05s","scroll":"auto"}},{"size":"390x844","initial":{"titles":["A quieter start","Signals, not noise","Room to reflect"],"progress":"0","layout":{"viewport":{"width":390,"height":844},"scrollWidth":390,"clientWidth":390,"overflow":[],"dialog":null},"aria":"- main:\n  - region \"Good ideas deserve a closer look.\":\n    - text: DECISION WORKSPACE № 014\n    - heading \"Good ideas deserve a closer look.\" [level=1]:\n      - text: Good ideas deserve\n      - emphasis: a closer look.\n    - paragraph: A focused space to work through what matters. Open each proposal, complete its three review checks, and keep the team moving.\n    - text: REVIEW PROGRESS\n    - strong: \"0\"\n    - text: / 3\n    - progressbar \"Proposals reviewed\"\n    - paragraph: 3 proposals await your review.\n  - region \"Proposals on the table\":\n    - text: THE SHORTLIST\n    - heading \"Proposals on the table\" [level=2]\n    - text: 03 ITEMS\n    - group \"Filter proposals\":\n      - button \"All 03\" [pressed]\n      - button \"To review 03\"\n      - button \"Reviewed 00\"\n    - article:\n      - text: PROPOSAL / 01 To review\n      - heading \"A quieter start\" [level=3]\n      - paragraph: Give new members a calmer first week with a guided path to the essentials.\n      - button \"Review A quieter start\": Review proposal\n    - article:\n      - text: PROPOSAL / 02 To review\n      - heading \"Signals, not noise\" [level=3]\n      - paragraph: Bring the most useful project updates into one thoughtful weekly digest.\n      - button \"Review Signals, not noise\": Review proposal\n    - article:\n      - text: PROPOSAL / 03 To review\n      - heading \"Room to reflect\" [level=3]\n      - paragraph: Make space for short retrospectives that turn everyday observations into better work.\n      - button \"Review Room to reflect\": Review proposal"},"dialogs":[{"index":0,"title":"A quieter start","snapshot":"- dialog \"A quieter start\":\n  - text: PROPOSAL REVIEW / 01\n  - button \"Close review dialog\": ×\n  - heading \"A quieter start\" [level=2]\n  - paragraph: Give new members a calmer first week with a guided path to the essentials.\n  - group \"Before you mark this reviewed\":\n    - text: Before you mark this reviewed\n    - paragraph: Confirm all three points below.\n    - checkbox \"Purpose and audience are clear\"\n    - text: Purpose and audience are clear\n    - checkbox \"First-week steps feel achievable\"\n    - text: First-week steps feel achievable\n    - checkbox \"Success can be measured\"\n    - text: Success can be measured\n  - button \"Back to proposals\"\n  - button \"Mark reviewed\" [disabled]","layout":{"viewport":{"width":390,"height":844},"scrollWidth":390,"clientWidth":390,"overflow":[],"dialog":{"left":19,"top":132.109375,"right":371,"bottom":711.875,"width":352,"height":579.765625}},"disabled":[true,true,true,false],"disabledAfterUncheck":true,"restoredFocus":true},{"index":1,"title":"Signals, not noise","snapshot":"- dialog \"Signals, not noise\":\n  - text: PROPOSAL REVIEW / 02\n  - button \"Close review dialog\": ×\n  - heading \"Signals, not noise\" [level=2]\n  - paragraph: Bring the most useful project updates into one thoughtful weekly digest.\n  - group \"Before you mark this reviewed\":\n    - text: Before you mark this reviewed\n    - paragraph: Confirm all three points below.\n    - checkbox \"The update has a clear owner\"\n    - text: The update has a clear owner\n    - checkbox \"The signal is useful to readers\"\n    - text: The signal is useful to readers\n    - checkbox \"The delivery rhythm is realistic\"\n    - text: The delivery rhythm is realistic\n  - button \"Back to proposals\"\n  - button \"Mark reviewed\" [disabled]","layout":{"viewport":{"width":390,"height":844},"scrollWidth":390,"clientWidth":390,"overflow":[],"dialog":{"left":19,"top":132.109375,"right":371,"bottom":711.875,"width":352,"height":579.765625}},"disabled":[true,true,true,false],"disabledAfterUncheck":true,"restoredFocus":true},{"index":2,"title":"Room to reflect","snapshot":"- dialog \"Room to reflect\":\n  - text: PROPOSAL REVIEW / 03\n  - button \"Close review dialog\": ×\n  - heading \"Room to reflect\" [level=2]\n  - paragraph: Make space for short retrospectives that turn everyday observations into better work.\n  - group \"Before you mark this reviewed\":\n    - text: Before you mark this reviewed\n    - paragraph: Confirm all three points below.\n    - checkbox \"The reflection prompt is specific\"\n    - text: The reflection prompt is specific\n    - checkbox \"Participation feels accessible\"\n    - text: Participation feels accessible\n    - checkbox \"Follow-up actions have a home\"\n    - text: Follow-up actions have a home\n  - button \"Back to proposals\"\n  - button \"Mark reviewed\" [disabled]","layout":{"viewport":{"width":390,"height":844},"scrollWidth":390,"clientWidth":390,"overflow":[],"dialog":{"left":19,"top":132.109375,"right":371,"bottom":711.875,"width":352,"height":579.765625}},"disabled":[true,true,true,false],"disabledAfterUncheck":true,"restoredFocus":true}],"keyboard":[{"tag":"INPUT","text":"","type":"checkbox","insideDialog":true},{"tag":"INPUT","text":"","type":"checkbox","insideDialog":true},{"tag":"INPUT","text":"","type":"checkbox","insideDialog":true},{"tag":"BUTTON","text":"Back to proposals","type":"button","insideDialog":true},{"tag":"BODY","text":"\n  \n    \n      ✳ Fieldnotes / Review board\n      WORKSPACE  SEPTEMBER 2026\n    \n\n    \n      \n         DECISION WORKSPACE № 014\n        \n          \n            Good ideas deservea closer look.\n            A focused space to work through what matters. Open each proposal, complete its three review checks, and keep the team moving.\n          \n          \n            REVIEW PROGRESS\n            0/ 3\n            \n            3 proposals await your review.\n          \n        \n      \n\n      \n        THE SHORTLISTProposals on the table03 ITEMS ↘\n        \n          All 03\n          To review 03\n          Reviewed 00\n        \n        PROPOSAL / 01To reviewA quieter startGive new members a calmer first week with a guided path to the essentials.Review proposal ↗PROPOSAL / 02To reviewSignals, not noiseBring the most useful project updates into one thoughtful weekly digest.Review proposal ↗PROPOSAL / 03To reviewRoom to reflectMake space for short retrospectives that turn everyday observations into better work.Review proposal ↗\n        No proposals here yet. Try another filter.\n      \n    \n    FIELDNOTES / REVIEW BOARDA little clarity goes a long way.\n  \n\n  \n    \n      PROPOSAL REVIEW / 01×\n      A quieter start\n      Give new members a calmer first week with a guided path to the essentials.\n      \n      \n        Before you mark this reviewedConfirm all three points below.Purpose and audience are clearFirst-week steps feel achievableSuccess can be measured\n        Back to proposalsMark reviewed ↗\n      \n    \n  \n\n\n","type":null,"insideDialog":false},{"tag":"BUTTON","text":"×","type":"button","insideDialog":true}],"completed":{"progress":"1","firstStatus":"Reviewed","focus":{"tag":"BUTTON","text":"All 03","aria":null}},"filters":{"All":["A quieter start","Signals, not noise","Room to reflect"],"To review":["Signals, not noise","Room to reflect"],"Reviewed":["A quieter start"]},"reviewedDialog":{"snapshot":"- dialog \"A quieter start\":\n  - text: PROPOSAL REVIEW / 01\n  - button \"Close review dialog\": ×\n  - heading \"A quieter start\" [level=2]\n  - paragraph: Give new members a calmer first week with a guided path to the essentials.\n  - group \"Before you mark this reviewed\":\n    - text: Before you mark this reviewed\n    - paragraph: Confirm all three points below.\n    - checkbox \"Purpose and audience are clear\" [checked] [disabled]\n    - text: Purpose and audience are clear\n    - checkbox \"First-week steps feel achievable\" [checked] [disabled]\n    - text: First-week steps feel achievable\n    - checkbox \"Success can be measured\" [checked] [disabled]\n    - text: Success can be measured\n  - button \"Back to proposals\"\n  - button \"Mark reviewed\" [disabled]","markVisible":true,"markHiddenAttribute":""},"reducedMotion":{"matches":true,"transition":"1e-05s","animation":"1e-05s","scroll":"auto"}}],"errors":[],"failed":[],"requests":["http://127.0.0.1:8781/","http://127.0.0.1:8781/styles.css","http://127.0.0.1:8781/app.js","http://127.0.0.1:8781/","http://127.0.0.1:8781/styles.css","http://127.0.0.1:8781/app.js"]}
### Ran Playwright code
```js
await (async (page) => {
  const arm = page.url().includes(':8781') ? 'X' : 'Y';
  const base = `/private/tmp/aporic-ab-blind/${arm}`;
  const errors = [], failed = [], requests = [];
  page.on('console', m => { if(m.type() === 'error') errors.push(m.text()); });
  page.on('pageerror', e => errors.push(e.message));
  page.on('requestfailed', r => failed.push({url:r.url(), error:r.failure()}));
  page.on('request', r => requests.push(r.url()));
  const output = {arm, views:[], errors, failed, requests};
  const layout = async () => page.evaluate(() => {
    const rect = e => { const r=e.getBoundingClientRect();return {left:r.left,top:r.top,right:r.right,bottom:r.bottom,width:r.width,height:r.height}; };
    const root=document.documentElement;
    const controls=[...document.querySelectorAll('button,a,input')].filter(e=>e.getClientRects().length && getComputedStyle(e).visibility!=='hidden');
    return {viewport:{width:innerWidth,height:innerHeight},scrollWidth:root.scrollWidth,clientWidth:root.clientWidth,overflow:controls.filter(e=>{const r=e.getBoundingClientRect();return r.left<-.5||r.right>innerWidth+.5}).map(e=>({text:e.textContent,rect:rect(e)})),dialog:document.querySelector('dialog[open]')?rect(document.querySelector('dialog[open]')):null};
  });
  const visibleTitles = () => page.locator('.proposal-card:visible h3').allTextContents();
  for(const [width,height] of [[1440,900],[390,844]]) {
    await page.setViewportSize({width,height});
    await page.emulateMedia({reducedMotion:'no-preference'});
    await page.reload();
    const view={size:`${width}x${height}`};
    view.initial={titles:await visibleTitles(),progress:await page.getByRole('progressbar').getAttribute('aria-valuenow'),layout:await layout(),aria:await page.locator('main').ariaSnapshot()};
    await page.screenshot({path:`${base}-${width}-initial.png`,fullPage:true});
    view.dialogs=[];
    for(let i=0;i<3;i++) {
      const opener=page.locator('.proposal-card button').nth(i);
      await opener.focus();
      await page.keyboard.press('Enter');
      const dialog=page.getByRole('dialog');
      const d={index:i,title:await page.locator('#dialog-title').textContent(),snapshot:await dialog.ariaSnapshot(),layout:await layout(),disabled:[]};
      for(let count=0;count<=3;count++) {
        d.disabled.push(await page.locator('#mark-reviewed').isDisabled());
        if(count<3) await dialog.locator('label').nth(count).click();
      }
      await dialog.locator('label').nth(1).click();
      d.disabledAfterUncheck=await page.locator('#mark-reviewed').isDisabled();
      if(i===0) await page.screenshot({path:`${base}-${width}-dialog.png`});
      await page.keyboard.press('Escape');
      await page.waitForFunction(()=>!document.querySelector('dialog').open);
      await page.evaluate(()=>new Promise(resolve=>requestAnimationFrame(()=>requestAnimationFrame(resolve))));
      d.restoredFocus=await opener.evaluate(e=>document.activeElement===e);
      view.dialogs.push(d);
    }
    const first=page.locator('.proposal-card button').first();
    await first.click();
    const dialog=page.getByRole('dialog');
    view.keyboard=[];
    for(let i=0;i<6;i++) {await page.keyboard.press('Tab');view.keyboard.push(await page.evaluate(()=>({tag:document.activeElement.tagName,text:document.activeElement.textContent,type:document.activeElement.getAttribute('type'),insideDialog:!!document.activeElement.closest('dialog')})));}
    for(let i=0;i<3;i++) await dialog.locator('label').nth(i).click();
    await page.locator('#mark-reviewed').click();
    await page.waitForFunction(()=>!document.querySelector('dialog').open);
      await page.evaluate(()=>new Promise(resolve=>requestAnimationFrame(()=>requestAnimationFrame(resolve))));
    view.completed={progress:await page.getByRole('progressbar').getAttribute('aria-valuenow'),firstStatus:await page.locator('.proposal-card .status').first().textContent(),focus:await page.evaluate(()=>({tag:document.activeElement.tagName,text:document.activeElement.textContent,aria:document.activeElement.getAttribute('aria-label')}))};
    view.filters={};
    for(const filter of ['All','To review','Reviewed']) {
      await page.getByRole('button',{name:new RegExp(`^${filter} `)}).click();
      view.filters[filter]=await visibleTitles();
    }
    await page.getByRole('button',{name:/^All /}).click();
    await page.locator('.proposal-card button').first().click();
    view.reviewedDialog={snapshot:await page.getByRole('dialog').ariaSnapshot(),markVisible:await page.locator('#mark-reviewed').isVisible(),markHiddenAttribute:await page.locator('#mark-reviewed').getAttribute('hidden')};
    await page.keyboard.press('Escape');
    await page.evaluate(()=>new Promise(resolve=>requestAnimationFrame(()=>requestAnimationFrame(resolve))));
    await page.screenshot({path:`${base}-${width}-completed.png`,fullPage:true});
    await page.emulateMedia({reducedMotion:'reduce'});
    view.reducedMotion=await page.evaluate(()=>({matches:matchMedia('(prefers-reduced-motion: reduce)').matches,transition:getComputedStyle(document.querySelector('#progress-fill')).transitionDuration,animation:getComputedStyle(document.querySelector('.proposal-card')).animationDuration,scroll:getComputedStyle(document.documentElement).scrollBehavior}));
    output.views.push(view);
  }
  return output;
}
)(page);
```
